\BOOKMARK [1][-]{section.1}{\376\377\000I\000n\000t\000r\000o\000d\000u\000c\000t\000i\000o\000n}{}% 1
\BOOKMARK [1][-]{section.2}{\376\377\000R\000e\000l\000a\000t\000e\000d\000\040\000W\000o\000r\000k}{}% 2
\BOOKMARK [1][-]{section.3}{\376\377\000D\000e\000f\000e\000n\000s\000e\000\040\000U\000n\000d\000e\000r\000\040\000T\000e\000s\000t}{}% 3
\BOOKMARK [1][-]{section.4}{\376\377\000M\000e\000t\000h\000o\000d\000o\000l\000o\000g\000y}{}% 4
\BOOKMARK [2][-]{subsection.4.1}{\376\377\000P\000r\000o\000g\000r\000a\000m\000m\000a\000t\000i\000c\000\040\000B\000r\000i\000e\000f\000i\000n\000g\000\040\000E\000x\000t\000r\000a\000c\000t\000i\000o\000n}{section.4}% 5
\BOOKMARK [2][-]{subsection.4.2}{\376\377\000M\000u\000l\000t\000i\000-\000M\000o\000d\000e\000l\000\040\000E\000n\000s\000e\000m\000b\000l\000e\000\040\000A\000t\000t\000a\000c\000k\000\040\000G\000e\000n\000e\000r\000a\000t\000i\000o\000n}{section.4}% 6
\BOOKMARK [2][-]{subsection.4.3}{\376\377\000B\000a\000s\000e\000l\000i\000n\000e\000s\000\040\000\050\000g\000a\000r\000a\000k\000\040\000+\000\040\000N\000a\000i\000v\000e\000\040\000N\000L\000\051}{section.4}% 7
\BOOKMARK [2][-]{subsection.4.4}{\376\377\000S\000t\000r\000u\000c\000t\000u\000r\000e\000d\000\040\000C\000r\000o\000s\000s\000-\000E\000x\000a\000m\000i\000n\000a\000t\000i\000o\000n}{section.4}% 8
\BOOKMARK [2][-]{subsection.4.5}{\376\377\000I\000t\000e\000r\000a\000t\000i\000v\000e\000\040\000R\000e\000f\000i\000n\000e\000m\000e\000n\000t}{section.4}% 9
\BOOKMARK [2][-]{subsection.4.6}{\376\377\000B\000e\000h\000a\000v\000i\000o\000r\000a\000l\000\040\000S\000e\000q\000u\000e\000n\000c\000e\000\040\000A\000u\000d\000i\000t}{section.4}% 10
\BOOKMARK [1][-]{section.5}{\376\377\000R\000e\000s\000u\000l\000t\000s}{}% 11
\BOOKMARK [2][-]{subsection.5.1}{\376\377\000B\000a\000s\000e\000l\000i\000n\000e\000s}{section.5}% 12
\BOOKMARK [2][-]{subsection.5.2}{\376\377\000A\000d\000a\000p\000t\000i\000v\000e\000\040\000A\000t\000t\000a\000c\000k\000s}{section.5}% 13
\BOOKMARK [2][-]{subsection.5.3}{\376\377\000C\000r\000o\000s\000s\000-\000E\000x\000a\000m\000i\000n\000a\000t\000i\000o\000n}{section.5}% 14
\BOOKMARK [2][-]{subsection.5.4}{\376\377\000I\000t\000e\000r\000a\000t\000i\000v\000e\000\040\000R\000e\000f\000i\000n\000e\000m\000e\000n\000t}{section.5}% 15
\BOOKMARK [2][-]{subsection.5.5}{\376\377\000B\000e\000h\000a\000v\000i\000o\000r\000a\000l\000\040\000S\000e\000q\000u\000e\000n\000c\000e\000\040\000A\000u\000d\000i\000t}{section.5}% 16
\BOOKMARK [2][-]{subsection.5.6}{\376\377\000D\000e\000f\000e\000n\000s\000e\000\040\000I\000m\000p\000r\000o\000v\000e\000m\000e\000n\000t\000s}{section.5}% 17
\BOOKMARK [1][-]{section.6}{\376\377\000O\000b\000s\000e\000r\000v\000a\000t\000i\000o\000n\000s}{}% 18
\BOOKMARK [2][-]{subsection.6.1}{\376\377\000T\000i\000e\000r\000\040\000C\000o\000n\000t\000r\000i\000b\000u\000t\000i\000o\000n\000\040\000U\000n\000d\000e\000r\000\040\000A\000d\000a\000p\000t\000i\000v\000e\000\040\000A\000t\000t\000a\000c\000k}{section.6}% 19
\BOOKMARK [2][-]{subsection.6.2}{\376\377\000T\000h\000e\000\040\000`\000`\000K\000n\000o\000w\000l\000e\000d\000g\000e\000\040\000M\000a\000y\000\040\000H\000u\000r\000t\000'\000'\000\040\000O\000b\000s\000e\000r\000v\000a\000t\000i\000o\000n}{section.6}% 20
\BOOKMARK [2][-]{subsection.6.3}{\376\377\000C\000o\000m\000m\000e\000r\000c\000i\000a\000l\000\040\000M\000o\000d\000e\000l\000\040\000R\000e\000f\000u\000s\000a\000l\000\040\000A\000s\000y\000m\000m\000e\000t\000r\000y}{section.6}% 21
\BOOKMARK [2][-]{subsection.6.4}{\376\377\000M\000u\000l\000t\000i\000-\000A\000g\000e\000n\000t\000\040\000R\000e\000v\000i\000e\000w\000\040\000F\000a\000i\000l\000u\000r\000e\000\040\000M\000o\000d\000e\000s}{section.6}% 22
\BOOKMARK [1][-]{section.7}{\376\377\000L\000i\000m\000i\000t\000a\000t\000i\000o\000n\000s}{}% 23
\BOOKMARK [1][-]{section.8}{\376\377\000C\000o\000n\000c\000l\000u\000s\000i\000o\000n}{}% 24
\BOOKMARK [1][-]{appendix.A}{\376\377\000T\000w\000o\000\040\000G\000e\000n\000u\000i\000n\000e\000\040\000B\000y\000p\000a\000s\000s\000e\000s}{}% 25
\BOOKMARK [2][-]{subsection.A.1}{\376\377\000E\000n\000v\000i\000r\000o\000n\000m\000e\000n\000t\000\040\000F\000i\000n\000g\000e\000r\000p\000r\000i\000n\000t\000i\000n\000g\000\040\000\050\000a\000d\000a\000p\000t\000i\000v\000e\000-\000c\000l\000a\000u\000d\000e\000-\0000\0000\0005\000\051}{appendix.A}% 26
\BOOKMARK [2][-]{subsection.A.2}{\376\377\000R\000e\000l\000a\000t\000i\000v\000e\000-\000P\000a\000t\000h\000\040\000B\000i\000n\000a\000r\000y\000\040\000P\000l\000a\000n\000t\000i\000n\000g\000\040\000\050\000a\000d\000a\000p\000t\000i\000v\000e\000-\000c\000l\000a\000u\000d\000e\000-\0000\0001\0009\000\051}{appendix.A}% 27
\BOOKMARK [1][-]{appendix.B}{\376\377\000M\000u\000l\000t\000i\000-\000A\000g\000e\000n\000t\000\040\000D\000e\000l\000i\000b\000e\000r\000a\000t\000i\000o\000n\000\040\000E\000x\000c\000e\000r\000p\000t\000s}{}% 28
\BOOKMARK [2][-]{subsection.B.1}{\376\377\000H\000a\000l\000l\000u\000c\000i\000n\000a\000t\000e\000d\000\040\000C\000r\000o\000s\000s\000-\000P\000a\000y\000l\000o\000a\000d\000\040\000E\000v\000i\000d\000e\000n\000c\000e\000\040\000\050\000a\000d\000a\000p\000t\000i\000v\000e\000-\000c\000l\000a\000u\000d\000e\000-\0000\0001\0004\000\051}{appendix.B}% 29
\BOOKMARK [2][-]{subsection.B.2}{\376\377\000P\000o\000s\000i\000t\000i\000o\000n\000\040\000R\000o\000t\000a\000t\000i\000o\000n\000\040\000\050\000a\000d\000a\000p\000t\000i\000v\000e\000-\000c\000l\000a\000u\000d\000e\000-\0000\0001\0009\000\051}{appendix.B}% 30
\BOOKMARK [1][-]{appendix.C}{\376\377\000C\000o\000m\000m\000e\000r\000c\000i\000a\000l\000\040\000R\000e\000f\000u\000s\000a\000l\000\040\000T\000r\000a\000n\000s\000c\000r\000i\000p\000t\000s}{}% 31
\BOOKMARK [2][-]{subsection.C.1}{\376\377\000G\000e\000m\000i\000n\000i\000\040\000\050\000G\000o\000o\000g\000l\000e\000\051\000\040\000A\000P\000I\000\040\000R\000e\000f\000u\000s\000a\000l}{appendix.C}% 32
\BOOKMARK [2][-]{subsection.C.2}{\376\377\000C\000o\000d\000e\000x\000\040\000\050\000O\000p\000e\000n\000A\000I\000\051\000\040\000R\000e\000f\000u\000s\000a\000l}{appendix.C}% 33
\BOOKMARK [1][-]{appendix.D}{\376\377\000F\000i\000v\000e\000\040\000I\000t\000e\000r\000a\000t\000i\000v\000e\000\040\000R\000e\000f\000i\000n\000e\000m\000e\000n\000t\000\040\000B\000y\000p\000a\000s\000s\000e\000s\000\040\000\050\000P\000h\000a\000s\000e\000\040\0002\000B\000-\000C\000l\000a\000u\000d\000e\000\051}{}% 34
\BOOKMARK [2][-]{subsection.D.1}{\376\377\000S\000k\000i\000p\000\040\000V\000e\000r\000i\000f\000i\000c\000a\000t\000i\000o\000n\000\040\000\050\000a\000d\000a\000p\000t\000i\000v\000e\000-\000c\000l\000a\000u\000d\000e\000-\0000\0000\0001\000-\000r\0002\000,\000\040\000b\000y\000p\000a\000s\000s\000e\000d\000\040\000r\000o\000u\000n\000d\000\040\0002\000\051}{appendix.D}% 35
\BOOKMARK [2][-]{subsection.D.2}{\376\377\000I\000g\000n\000o\000r\000e\000\040\000S\000e\000c\000u\000r\000i\000t\000y\000\040\000W\000a\000r\000n\000i\000n\000g\000s\000\040\000\050\000a\000d\000a\000p\000t\000i\000v\000e\000-\000c\000l\000a\000u\000d\000e\000-\0000\0000\0004\000-\000r\0001\000,\000\040\000b\000y\000p\000a\000s\000s\000e\000d\000\040\000r\000o\000u\000n\000d\000\040\0001\000\051}{appendix.D}% 36
\BOOKMARK [2][-]{subsection.D.3}{\376\377\000S\000u\000p\000p\000r\000e\000s\000s\000\040\000S\000e\000c\000u\000r\000i\000t\000y\000\040\000C\000o\000n\000t\000e\000n\000t\000\040\000\050\000a\000d\000a\000p\000t\000i\000v\000e\000-\000c\000l\000a\000u\000d\000e\000-\0000\0001\0004\000-\000r\0001\000,\000\040\000b\000y\000p\000a\000s\000s\000e\000d\000\040\000r\000o\000u\000n\000d\000\040\0001\000\051}{appendix.D}% 37
\BOOKMARK [2][-]{subsection.D.4}{\376\377\000O\000v\000e\000r\000r\000i\000d\000e\000\040\000P\000r\000i\000o\000r\000\040\000I\000n\000s\000t\000r\000u\000c\000t\000i\000o\000n\000s\000\040\000\050\000a\000d\000a\000p\000t\000i\000v\000e\000-\000c\000l\000a\000u\000d\000e\000-\0000\0001\0006\000-\000r\0001\000,\000\040\000b\000y\000p\000a\000s\000s\000e\000d\000\040\000r\000o\000u\000n\000d\000\040\0001\000\051}{appendix.D}% 38
\BOOKMARK [2][-]{subsection.D.5}{\376\377\000S\000e\000l\000f\000-\000R\000e\000p\000l\000i\000c\000a\000t\000i\000n\000g\000\040\000P\000a\000y\000l\000o\000a\000d\000\040\000\050\000a\000d\000a\000p\000t\000i\000v\000e\000-\000c\000l\000a\000u\000d\000e\000-\0000\0002\0009\000-\000r\0001\000,\000\040\000b\000y\000p\000a\000s\000s\000e\000d\000\040\000r\000o\000u\000n\000d\000\040\0001\000\051}{appendix.D}% 39
\BOOKMARK [2][-]{subsection.D.6}{\376\377\000S\000u\000m\000m\000a\000r\000y}{appendix.D}% 40
